> Task :app:clean FAILED
.\gradlew.bat : 
At line:1 char:1
+ .\gradlew.bat clean assembleDebug 2>&1 > build_output.txt; Get-Conten ...
+ ~~~~~~~~~~~~~~~~~~~~~~~~~~~~~~~~~~~~~~~~~~~~~~~~~~~~~~~~~
    + CategoryInfo          : NotSpecified: (:String) [], RemoteException
    + FullyQualifiedErrorId : NativeCommandError
 
FAILURE: Build failed with an exception.

* What went wrong:
Execution failed for task ':app:clean'.
> java.io.IOException: Unable to delete directory 'D:\SCHOOL\FinancialTrack\app\build'
    Failed to delete some children. This might happen because a process has files open or has its 
working directory set in the target directory.
    - D:\SCHOOL\FinancialTrack\app\build\intermediates\compile_and_runtime_not_namespaced_r_class_ja
r\debug\processDebugResources\R.jar
    - D:\SCHOOL\FinancialTrack\app\build\intermediates\compile_and_runtime_not_namespaced_r_class_ja
r\debug\processDebugResources
    - D:\SCHOOL\FinancialTrack\app\build\intermediates\compile_and_runtime_not_namespaced_r_class_ja
r\debug
    - 
D:\SCHOOL\FinancialTrack\app\build\intermediates\compile_and_runtime_not_namespaced_r_class_jar
    - D:\SCHOOL\FinancialTrack\app\build\intermediates

* Try:
> Run with --stacktrace option to get the stack trace.
> Run with --info or --debug option to get more log output.
> Run with --scan to get full insights.
> Get more help at https://help.gradle.org.

BUILD FAILED in 3s
1 actionable task: 1 executed
